###############################################################################
#
# IAR ELF Linker V9.20.2.320/W64 for ARM                  08/May/2022  22:50:33
# Copyright 2007-2021 IAR Systems AB.
#
#    Output file  =
#        C:\Users\youssef\Desktop\autosar project
#        edited\PORT_DIO_AUTOSAR_FINAL\Debug\Exe\PORT_DIO_AUTOSAR_FINALL.out
#    Map file     =
#        C:\Users\youssef\Desktop\autosar project
#        edited\PORT_DIO_AUTOSAR_FINAL\Debug\List\PORT_DIO_AUTOSAR_FINALL.map
#    Command line =
#        -f "C:\Users\youssef\Desktop\autosar project
#        edited\PORT_DIO_AUTOSAR_FINAL\Debug\Exe\PORT_DIO_AUTOSAR_FINALL.out.rsp"
#        ("C:\Users\youssef\Desktop\autosar project
#        edited\PORT_DIO_AUTOSAR_FINAL\Debug\Obj\App.o"
#        "C:\Users\youssef\Desktop\autosar project
#        edited\PORT_DIO_AUTOSAR_FINAL\Debug\Obj\Button.o"
#        "C:\Users\youssef\Desktop\autosar project
#        edited\PORT_DIO_AUTOSAR_FINAL\Debug\Obj\cstartup_M.o"
#        "C:\Users\youssef\Desktop\autosar project
#        edited\PORT_DIO_AUTOSAR_FINAL\Debug\Obj\Det.o"
#        "C:\Users\youssef\Desktop\autosar project
#        edited\PORT_DIO_AUTOSAR_FINAL\Debug\Obj\Dio.o"
#        "C:\Users\youssef\Desktop\autosar project
#        edited\PORT_DIO_AUTOSAR_FINAL\Debug\Obj\Dio_PBcfg.o"
#        "C:\Users\youssef\Desktop\autosar project
#        edited\PORT_DIO_AUTOSAR_FINAL\Debug\Obj\Gpt.o"
#        "C:\Users\youssef\Desktop\autosar project
#        edited\PORT_DIO_AUTOSAR_FINAL\Debug\Obj\Led.o"
#        "C:\Users\youssef\Desktop\autosar project
#        edited\PORT_DIO_AUTOSAR_FINAL\Debug\Obj\main.o"
#        "C:\Users\youssef\Desktop\autosar project
#        edited\PORT_DIO_AUTOSAR_FINAL\Debug\Obj\Os.o"
#        "C:\Users\youssef\Desktop\autosar project
#        edited\PORT_DIO_AUTOSAR_FINAL\Debug\Obj\Port.o"
#        "C:\Users\youssef\Desktop\autosar project
#        edited\PORT_DIO_AUTOSAR_FINAL\Debug\Obj\Port_PBcfg.o"
#        --no_out_extension -o "C:\Users\youssef\Desktop\autosar project
#        edited\PORT_DIO_AUTOSAR_FINAL\Debug\Exe\PORT_DIO_AUTOSAR_FINALL.out"
#        --redirect _Printf=_PrintfFullNoMb --redirect _Scanf=_ScanfFullNoMb
#        --map "C:\Users\youssef\Desktop\autosar project
#        edited\PORT_DIO_AUTOSAR_FINAL\Debug\List\PORT_DIO_AUTOSAR_FINALL.map"
#        --config "C:\Program Files\IAR Systems\Embedded Workbench
#        9.0\arm\config\linker\TexasInstruments\TM4C1237H6.icf" --semihosting
#        --entry __iar_program_start --vfe --text_out locale)
#
###############################################################################

*******************************************************************************
*** RUNTIME MODEL ATTRIBUTES
***

CppFlavor       = *
__CPP_Runtime   = 1
__SystemLibrary = DLib
__dlib_version  = 6


*******************************************************************************
*** HEAP SELECTION
***

The basic heap was selected because some modules are built with
size limitations (and not runtime checking), and --advanced_heap
was not specified.


*******************************************************************************
*** PLACEMENT SUMMARY
***

"A0":  place at address 0x0 { ro section .intvec };
"P1":  place in [from 0x0 to 0x3'ffff] { ro };
define block CSTACK with size = 4K, alignment = 8 { };
define block HEAP with size = 8K, alignment = 8 { };
"P2":  place in [from 0x2000'0000 to 0x2000'7fff] {
          rw, block CSTACK, block HEAP };
initialize by copy { rw };

  Section            Kind         Address    Size  Object
  -------            ----         -------    ----  ------
"A0":                                        0x40
  .intvec            const            0x0    0x40  cstartup_M.o [1]
                                   - 0x40    0x40

"P1":                                       0xa7a
  .text              ro code         0x40   0x3a4  Port.o [1]
  .text              ro code        0x3e4    0x28  Det.o [1]
  .text              ro code        0x40c   0x248  Dio.o [1]
  .rodata            const          0x654   0x184  Port_PBcfg.o [1]
  .text              ro code        0x7d8    0x98  Os.o [1]
  .text              ro code        0x870    0x58  Gpt.o [1]
  .text              ro code        0x8c8    0x54  App.o [1]
  .text              ro code        0x91c    0x70  Button.o [1]
  .text              ro code        0x98c    0x1e  Led.o [1]
  .text              ro code        0x9aa    0x3a  packbits_init_single.o [4]
  .text              ro code        0x9e4    0x28  data_init.o [4]
  .text              ro code        0xa0c    0x22  fpinit_M.o [3]
  .iar.init_table    const          0xa30    0x10  - Linker created -
  .text              ro code        0xa40     0x2  cstartup_M.o [1]
  .text              ro code        0xa44    0x1e  cmain.o [4]
  .text              ro code        0xa62     0x4  low_level_init.o [2]
  .text              ro code        0xa66     0xa  main.o [1]
  .text              ro code        0xa70     0x4  exit.o [2]
  .text              ro code        0xa74     0xa  cexit.o [4]
  .text              ro code        0xa7e     0x2  cstartup_M.o [1]
  .text              ro code        0xa80    0x14  exit.o [5]
  .text              ro code        0xa94    0x10  cstartup_M.o [1]
  .rodata            const          0xaa4     0x4  Dio_PBcfg.o [1]
  .text              ro code        0xaa8     0x2  cstartup_M.o [1]
  .text              ro code        0xaaa     0x2  cstartup_M.o [1]
  .text              ro code        0xaac     0x2  cstartup_M.o [1]
  .text              ro code        0xaae     0x2  cstartup_M.o [1]
  .text              ro code        0xab0     0x2  cstartup_M.o [1]
  .text              ro code        0xab2     0x2  cstartup_M.o [1]
  .rodata            const          0xab4     0x0  packbits_init_single.o [4]
  Initializer bytes  const          0xab4     0x6  <for P2-1>
                                  - 0xaba   0xa7a

"P2", part 1 of 2:                           0x1a
  P2-1                        0x2000'0000    0x1a  <Init block>
    .bss             inited   0x2000'0000     0x4  Dio.o [1]
    .bss             inited   0x2000'0004     0x4  Gpt.o [1]
    .bss             inited   0x2000'0008     0x4  Port.o [1]
    .bss             inited   0x2000'000c     0x2  Det.o [1]
    .data            inited   0x2000'000e     0x1  App.o [1]
    .data            inited   0x2000'000f     0x1  App.o [1]
    .data            inited   0x2000'0010     0x1  Button.o [1]
    .bss             inited   0x2000'0011     0x1  Button.o [1]
    .bss             inited   0x2000'0012     0x1  Button.o [1]
    .bss             inited   0x2000'0013     0x1  Det.o [1]
    .bss             inited   0x2000'0014     0x1  Det.o [1]
    .bss             inited   0x2000'0015     0x1  Det.o [1]
    .bss             inited   0x2000'0016     0x1  Dio.o [1]
    .bss             inited   0x2000'0017     0x1  Os.o [1]
    .bss             inited   0x2000'0018     0x1  Os.o [1]
    .bss             inited   0x2000'0019     0x1  Port.o [1]
                            - 0x2000'001a    0x1a

"P2", part 2 of 2:                         0x1000
  CSTACK                      0x2000'0020  0x1000  <Block>
    CSTACK           uninit   0x2000'0020  0x1000  <Block tail>
                            - 0x2000'1020  0x1000

Unused ranges:

         From           To      Size
         ----           --      ----
        0xaba     0x3'ffff  0x3'f546
  0x2000'001a  0x2000'001f       0x6
  0x2000'1020  0x2000'7fff    0x6fe0


*******************************************************************************
*** INIT TABLE
***

          Address      Size
          -------      ----
Copy/packbits (__iar_packbits_init_single3)
    1 source range, total size 0x6 (23% of destination):
                0xab4   0x6
    1 destination range, total size 0x1a:
          0x2000'0000  0x1a



*******************************************************************************
*** MODULE SUMMARY
***

    Module                  ro code  ro data  rw data
    ------                  -------  -------  -------
command line/config:
    -------------------------------------------------
    Total:

C:\Users\youssef\Desktop\autosar project edited\PORT_DIO_AUTOSAR_FINAL\Debug\Obj: [1]
    App.o                        84                 2
    Button.o                    112        1        3
    Det.o                        40        2        5
    Dio.o                       584                 5
    Dio_PBcfg.o                            4
    Gpt.o                        88        1        4
    Led.o                        30
    Os.o                        152                 2
    Port.o                      932        2        5
    Port_PBcfg.o                         388
    cstartup_M.o                 32       64
    main.o                       10
    -------------------------------------------------
    Total:                    2'064      462       26

dl7M_tln.a: [2]
    exit.o                        4
    low_level_init.o              4
    -------------------------------------------------
    Total:                        8

m7M_tls.a: [3]
    fpinit_M.o                   34
    -------------------------------------------------
    Total:                       34

rt7M_tl.a: [4]
    cexit.o                      10
    cmain.o                      30
    data_init.o                  40
    packbits_init_single.o       58
    -------------------------------------------------
    Total:                      138

shb_l.a: [5]
    exit.o                       20
    -------------------------------------------------
    Total:                       20

    Gaps                          2        2
    Linker created                        16    4'096
-----------------------------------------------------
    Grand Total:              2'266      480    4'122


*******************************************************************************
*** ENTRY LIST
***

Entry                       Address   Size  Type      Object
-----                       -------   ----  ----      ------
.iar.init_table$$Base         0xa30          --   Gb  - Linker created -
.iar.init_table$$Limit        0xa40          --   Gb  - Linker created -
?main                         0xa45         Code  Gb  cmain.o [4]
App_Task                      0x8e9   0x24  Code  Gb  App.o [1]
App_Task::button_current_state
                        0x2000'000f    0x1  Data  Lc  App.o [1]
App_Task::button_previous_state
                        0x2000'000e    0x1  Data  Lc  App.o [1]
BUTTON_getState               0x91d    0x6  Code  Gb  Button.o [1]
BUTTON_refreshState           0x923   0x5e  Code  Gb  Button.o [1]
BUTTON_refreshState::g_Pressed_Count
                        0x2000'0011    0x1  Data  Lc  Button.o [1]
BUTTON_refreshState::g_Released_Count
                        0x2000'0012    0x1  Data  Lc  Button.o [1]
Button_Task                   0x8d9    0x8  Code  Gb  App.o [1]
CSTACK$$Base            0x2000'0020          --   Gb  - Linker created -
CSTACK$$Limit           0x2000'1020          --   Gb  - Linker created -
Det_ApiId               0x2000'0014    0x1  Data  Gb  Det.o [1]
Det_ErrorId             0x2000'0015    0x1  Data  Gb  Det.o [1]
Det_InstanceId          0x2000'0013    0x1  Data  Gb  Det.o [1]
Det_ModuleId            0x2000'000c    0x2  Data  Gb  Det.o [1]
Det_ReportError               0x3e5   0x28  Code  Gb  Det.o [1]
Dio_Configuration             0xaa4    0x4  Data  Gb  Dio_PBcfg.o [1]
Dio_FlipChannel               0x571   0xc0  Code  Gb  Dio.o [1]
Dio_Init                      0x40d   0x20  Code  Gb  Dio.o [1]
Dio_PortChannels        0x2000'0000    0x4  Data  Lc  Dio.o [1]
Dio_ReadChannel               0x4df   0x92  Code  Gb  Dio.o [1]
Dio_Status              0x2000'0016    0x1  Data  Lc  Dio.o [1]
Dio_WriteChannel              0x42d   0xb2  Code  Gb  Dio.o [1]
Init_Task                     0x8c9   0x10  Code  Gb  App.o [1]
LED_refreshOutput             0x98d   0x14  Code  Gb  Led.o [1]
LED_toggle                    0x9a1    0xa  Code  Gb  Led.o [1]
Led_Task                      0x8e1    0x8  Code  Gb  App.o [1]
Os_NewTimerTick               0x7f5   0x10  Code  Gb  Os.o [1]
Os_Scheduler                  0x805   0x64  Code  Gb  Os.o [1]
Os_start                      0x7d9   0x1c  Code  Gb  Os.o [1]
PinConfigArray          0x2000'0008    0x4  Data  Lc  Port.o [1]
Port_Configuration            0x654  0x184  Data  Gb  Port_PBcfg.o [1]
Port_Init                      0x41  0x380  Code  Gb  Port.o [1]
Port_Status             0x2000'0019    0x1  Data  Lc  Port.o [1]
Region$$Table$$Base           0xa30          --   Gb  - Linker created -
Region$$Table$$Limit          0xa40          --   Gb  - Linker created -
SysTick_Handler               0x871   0x10  Code  Gb  Gpt.o [1]
SysTick_SetCallBack           0x8af    0x6  Code  Gb  Gpt.o [1]
SysTick_Start                 0x881   0x2e  Code  Gb  Gpt.o [1]
__cmain                       0xa45         Code  Gb  cmain.o [4]
__exit                        0xa81   0x14  Code  Gb  exit.o [5]
__iar_data_init3              0x9e5   0x28  Code  Gb  data_init.o [4]
__iar_init_vfp                0xa0d         Code  Gb  fpinit_M.o [3]
__iar_packbits_init_single3
                              0x9ab   0x3a  Code  Gb  packbits_init_single.o [4]
__iar_program_start           0xa95   0x10  Code  Gb  cstartup_M.o [1]
__low_level_init              0xa63    0x4  Code  Gb  low_level_init.o [2]
__vector_table                  0x0   0x40  Data  Gb  cstartup_M.o [1]
_call_main                    0xa51         Code  Gb  cmain.o [4]
_exit                         0xa75         Code  Gb  cexit.o [4]
exit                          0xa71    0x4  Code  Gb  exit.o [2]
g_New_Time_Tick_Flag    0x2000'0018    0x1  Data  Lc  Os.o [1]
g_SysTick_Call_Back_Ptr
                        0x2000'0004    0x4  Data  Lc  Gpt.o [1]
g_Time_Tick_Count       0x2000'0017    0x1  Data  Lc  Os.o [1]
g_button_state          0x2000'0010    0x1  Data  Lc  Button.o [1]
main                          0xa67    0xa  Code  Gb  main.o [1]


[1] = C:\Users\youssef\Desktop\autosar project edited\PORT_DIO_AUTOSAR_FINAL\Debug\Obj
[2] = dl7M_tln.a
[3] = m7M_tls.a
[4] = rt7M_tl.a
[5] = shb_l.a

  2'266 bytes of readonly  code memory
    480 bytes of readonly  data memory
  4'122 bytes of readwrite data memory

Errors: none
Warnings: none
